
## INSTALL

added 321 packages in 5s
RC=0

## AUDIT

> fm1-editor@0.1.0 audit:virtual-dx7
> node scripts/verify-msfa-source-audit.mjs

MSFA source audit verified: 23 candidate files, 3 explicit upstream exclusions, distribution=not-vendored.
RC=0

## NODE_CHECK
RC=0

## TYPECHECK

> fm1-editor@0.1.0 typecheck
> tsc -b --pretty false

RC=0

## LINT

> fm1-editor@0.1.0 lint
> eslint src vite.config.ts

RC=0

## TEST

> fm1-editor@0.1.0 test
> vitest run


[1m[30m[46m RUN [49m[39m[22m [36mv4.1.10 [39m[90m/home/runner/work/FM1Editor/FM1Editor[39m

 [32m✓[39m src/sysex/dx7.test.ts [2m([22m[2m9 tests[22m[2m)[22m[32m 34[2mms[22m[39m
 [32m✓[39m src/audio/msfaAudioWorklet.test.ts [2m([22m[2m10 tests[22m[2m)[22m[32m 22[2mms[22m[39m
 [32m✓[39m src/audio/msfaOfflineEngine.test.ts [2m([22m[2m6 tests[22m[2m)[22m[32m 30[2mms[22m[39m
 [32m✓[39m src/sysex/syntheticFixtureCorpus.test.ts [2m([22m[2m8 tests[22m[2m)[22m[32m 191[2mms[22m[39m
 [32m✓[39m src/domain/sequenceOperations.test.ts [2m([22m[2m8 tests[22m[2m)[22m[32m 12[2mms[22m[39m
 [32m✓[39m src/sysex/normalizeLegacyVoice.test.ts [2m([22m[2m3 tests[22m[2m)[22m[32m 31[2mms[22m[39m
 [32m✓[39m src/sysex/dx7.property.test.ts [2m([22m[2m5 tests[22m[2m)[22m[33m 737[2mms[22m[39m
     [33m[2m✓[22m[39m round-trips generated 32-voice banks on every MIDI channel [33m 388[2mms[22m[39m
 [32m✓[39m scripts/catalog-release-audit.test.mjs [2m([22m[2m5 tests[22m[2m)[22m[32m 27[2mms[22m[39m
 [32m✓[39m src/audio/recorder.test.ts [2m([22m[2m8 tests[22m[2m)[22m[32m 12[2mms[22m[39m
 [32m✓[39m src/audio/virtualDx7Engine.test.ts [2m([22m[2m6 tests[22m[2m)[22m[32m 18[2mms[22m[39m
 [32m✓[39m src/midi/sequenceScheduler.test.ts [2m([22m[2m5 tests[22m[2m)[22m[32m 19[2mms[22m[39m
 [32m✓[39m src/audio/msfaVoiceBridge.test.ts [2m([22m[2m4 tests[22m[2m)[22m[32m 13[2mms[22m[39m
 [32m✓[39m src/audio/virtualDx7ReferenceFixture.test.ts [2m([22m[2m4 tests[22m[2m)[22m[32m 10[2mms[22m[39m
 [32m✓[39m src/sysex/dx7VoiceParameterChange.test.ts [2m([22m[2m6 tests[22m[2m)[22m[32m 15[2mms[22m[39m
 [32m✓[39m src/domain/deviceTarget.test.ts [2m([22m[2m6 tests[22m[2m)[22m[32m 8[2mms[22m[39m
 [32m✓[39m src/domain/dx7FunctionState.test.ts [2m([22m[2m5 tests[22m[2m)[22m[32m 13[2mms[22m[39m
 [32m✓[39m src/domain/voiceVariations.test.ts [2m([22m[2m5 tests[22m[2m)[22m[32m 12[2mms[22m[39m
 [32m✓[39m src/library/backup.test.ts [2m([22m[2m3 tests[22m[2m)[22m[32m 30[2mms[22m[39m
 [32m✓[39m src/catalog/patchCatalog.test.ts [2m([22m[2m3 tests[22m[2m)[22m[32m 25[2mms[22m[39m
 [32m✓[39m src/domain/keyboardScalingGeometry.test.ts [2m([22m[2m6 tests[22m[2m)[22m[32m 12[2mms[22m[39m
 [32m✓[39m src/midi/dx7Transfer.test.ts [2m([22m[2m3 tests[22m[2m)[22m[32m 20[2mms[22m[39m
 [32m✓[39m src/domain/envelopeGeometry.test.ts [2m([22m[2m5 tests[22m[2m)[22m[32m 19[2mms[22m[39m
 [32m✓[39m src/midi/fm1BankTransfer.test.ts [2m([22m[2m4 tests[22m[2m)[22m[32m 16[2mms[22m[39m
 [32m✓[39m src/library/storageMigration.test.ts [2m([22m[2m3 tests[22m[2m)[22m[32m 18[2mms[22m[39m
 [32m✓[39m src/domain/dx7Algorithms.test.ts [2m([22m[2m5 tests[22m[2m)[22m[32m 20[2mms[22m[39m
 [32m✓[39m src/sysex/importSysex.test.ts [2m([22m[2m2 tests[22m[2m)[22m[32m 18[2mms[22m[39m
 [32m✓[39m src/domain/dx7EditSession.test.ts [2m([22m[2m5 tests[22m[2m)[22m[32m 10[2mms[22m[39m
 [32m✓[39m src/library/model.test.ts [2m([22m[2m4 tests[22m[2m)[22m[32m 34[2mms[22m[39m
 [32m✓[39m src/layoutRefinements.test.ts [2m([22m[2m4 tests[22m[2m)[22m[32m 7[2mms[22m[39m
 [32m✓[39m src/sysex/dx7ParameterChange.test.ts [2m([22m[2m4 tests[22m[2m)[22m[32m 15[2mms[22m[39m
 [32m✓[39m src/dx7LiveParameterRouting.test.ts [2m([22m[2m3 tests[22m[2m)[22m[32m 7[2mms[22m[39m
 [32m✓[39m src/midi/voiceAudition.test.ts [2m([22m[2m2 tests[22m[2m)[22m[32m 8[2mms[22m[39m
 [32m✓[39m src/history/history.test.ts [2m([22m[2m4 tests[22m[2m)[22m[32m 9[2mms[22m[39m
 [32m✓[39m src/domain/operatorLevels.test.ts [2m([22m[2m5 tests[22m[2m)[22m[32m 8[2mms[22m[39m
 [32m✓[39m src/components/VirtualDx7PreviewPanel.test.tsx [2m([22m[2m2 tests[22m[2m)[22m[32m 29[2mms[22m[39m
 [32m✓[39m src/midi/monitor.test.ts [2m([22m[2m3 tests[22m[2m)[22m[32m 8[2mms[22m[39m
 [32m✓[39m src/midi/portPreferences.test.ts [2m([22m[2m4 tests[22m[2m)[22m[32m 4[2mms[22m[39m
 [32m✓[39m src/catalog/catalogManifest.test.ts [2m([22m[2m2 tests[22m[2m)[22m[32m 22[2mms[22m[39m
 [32m✓[39m scripts/catalog-output-path.test.mjs [2m([22m[2m3 tests[22m[2m)[22m[32m 8[2mms[22m[39m
 [32m✓[39m src/midi/fm1Protocol.test.ts [2m([22m[2m5 tests[22m[2m)[22m[32m 10[2mms[22m[39m
 [32m✓[39m src/domain/pianoRollView.test.ts [2m([22m[2m4 tests[22m[2m)[22m[32m 9[2mms[22m[39m
 [32m✓[39m src/midi/fxProtocol.test.ts [2m([22m[2m3 tests[22m[2m)[22m[32m 8[2mms[22m[39m
 [32m✓[39m src/catalog/catalogSysexValidation.test.ts [2m([22m[2m4 tests[22m[2m)[22m[32m 19[2mms[22m[39m
 [32m✓[39m src/components/AlgorithmGraph.test.ts [2m([22m[2m2 tests[22m[2m)[22m[32m 57[2mms[22m[39m
 [32m✓[39m src/components/PersistentWorkspace.test.tsx [2m([22m[2m2 tests[22m[2m)[22m[32m 14[2mms[22m[39m
 [32m✓[39m src/catalog/remoteSysex.test.ts [2m([22m[2m2 tests[22m[2m)[22m[32m 68[2mms[22m[39m
 [32m✓[39m src/catalog/trackedArchive.test.ts [2m([22m[2m1 test[22m[2m)[22m[32m 299[2mms[22m[39m
 [32m✓[39m src/domain/bank.test.ts [2m([22m[2m2 tests[22m[2m)[22m[32m 7[2mms[22m[39m
 [32m✓[39m src/sysex/originalImport.test.ts [2m([22m[2m2 tests[22m[2m)[22m[32m 6[2mms[22m[39m
 [32m✓[39m src/domain/dx7Note.test.ts [2m([22m[2m2 tests[22m[2m)[22m[32m 4[2mms[22m[39m

[2m Test Files [22m [1m[32m50 passed[39m[22m[90m (50)[39m
[2m      Tests [22m [1m[32m211 passed[39m[22m[90m (211)[39m
[2m   Start at [22m 10:55:36
[2m   Duration [22m 4.14s[2m (transform 1.04s, setup 0ms, import 2.14s, tests 2.05s, environment 8ms)[22m

RC=0

## BUILD

> fm1-editor@0.1.0 prebuild
> node scripts/sync-patch-catalog.mjs --best-effort

Patch catalog synchronized: 35 validated website banks merged with the tracked sysexFinal.zip.

> fm1-editor@0.1.0 build
> tsc -b && vite build && node scripts/inject-service-worker-assets.mjs

[36mvite v8.2.0 [32mbuilding client environment for production...[36m[39m
[2Ktransforming...✓ 101 modules transformed.
rendering chunks...
computing gzip size...
dist/index.html                   0.96 kB │ gzip:   0.47 kB
dist/assets/index-BYCkqpiR.css   66.95 kB │ gzip:  12.91 kB
dist/assets/index-CyhcZ0tY.js   459.75 kB │ gzip: 133.24 kB

[32m✓ built in 304ms[39m
Service worker generated with 7 precached URLs (b0c02bce53f640ca).
RC=0
